16
64
24
201
751
1840
1681
271881
12632
2973
536543
2942719682
2305011823
641645811
344065719
