21
166
193
1052
14857
66443
257468
307957
203162577689
2971248745359
5639107486466
