23
295
228
1408
19916
49664
82198
253584
226983
358063
495517
280064939222
235810935143
56423117737
6192849024
