34
31
-15
913
354
29495
255852
1254281
2548512
12684361
49962206448494
