23
295
228
1408
19916
84397
347536
504825
281010435924
4953132412752
6000615696114
